10/23/2024 11:46:31 AM [INFO]:  App started on process id:22792
10/23/2024 11:46:31 AM [INFO]:  Server is listening on port 3000
10/23/2024 11:46:31 AM [INFO]:  Connected to mongoDB database
10/23/2024 11:46:47 AM [INFO]:  Request from ::1 at POST /api/user/signup
10/23/2024 11:46:47 AM [INFO]:  {
  firstname: 'Ram',
  lastname: 'Kaka',
  email: 'rai@mail.com',
  password: 'pass',
  _id: new ObjectId('6718914b17334291b0a90213'),
  createdAt: 2024-10-23T06:01:47.429Z,
  updatedAt: 2024-10-23T06:01:47.429Z,
  __v: 0
}
10/23/2024 11:46:56 AM [INFO]:  Request from ::1 at GET /api/user/tasks
10/23/2024 11:46:56 AM [INFO]:  Request from ::1 at GET /api/user/login
10/23/2024 11:46:56 AM [INFO]:  user is in login page
10/23/2024 11:47:01 AM [INFO]:  Request from ::1 at POST /api/user/login
10/23/2024 11:47:01 AM [INFO]:  user 6718914b17334291b0a90213 has logged in
10/23/2024 11:47:01 AM [INFO]:  Request from ::1 at GET /api/user/tasks
10/23/2024 11:47:22 AM [INFO]:  SIGINT signal received: closing HTTP server
10/23/2024 11:47:22 AM [INFO]:  Mongoose connection is closed
10/23/2024 11:47:22 AM [WARN]:  HTTP server closed

10/23/2024 12:25:57 PM [INFO]:  App started on process id:25528
10/23/2024 12:25:58 PM [INFO]:  Server is listening on port 3000
10/23/2024 12:25:58 PM [ERROR]:  Mongo Error
10/23/2024 12:26:09 PM [INFO]:  SIGINT signal received: closing HTTP server
10/23/2024 12:26:12 PM [INFO]:  App started on process id:28908
10/23/2024 12:26:12 PM [INFO]:  Server is listening on port 3000
10/23/2024 12:26:12 PM [ERROR]:  Mongo Error
10/23/2024 12:27:07 PM [INFO]:  App started on process id:15948
10/23/2024 12:27:07 PM [INFO]:  Server is listening on port 3000
10/23/2024 12:27:07 PM [ERROR]:  Mongo Error
10/23/2024 12:30:45 PM [INFO]:  App started on process id:14932
10/23/2024 12:30:45 PM [INFO]:  Server is listening on port 3000
10/23/2024 12:31:06 PM [INFO]:  Request from ::1 at GET /api/user/tasks
10/23/2024 12:31:06 PM [INFO]:  Request from ::1 at GET /api/user/login
10/23/2024 12:31:06 PM [INFO]:  user is in login page
10/23/2024 12:31:12 PM [INFO]:  Request from ::1 at POST /api/user/login
10/23/2024 12:31:15 PM [ERROR]:  Mongo Error
10/23/2024 12:32:10 PM [INFO]:  App started on process id:16812
10/23/2024 12:32:10 PM [INFO]:  Server is listening on port 3000
10/23/2024 12:32:10 PM [INFO]:  Connected to mongoDB database
10/23/2024 12:32:40 PM [INFO]:  Request from ::1 at POST /api/user/login
10/23/2024 12:34:14 PM [INFO]:  SIGINT signal received: closing HTTP server
10/23/2024 12:34:14 PM [INFO]:  Mongoose connection is closed
10/23/2024 12:34:14 PM [WARN]:  HTTP server closed

10/23/2024 12:34:16 PM [INFO]:  App started on process id:25196
10/23/2024 12:34:16 PM [INFO]:  Server is listening on port 3000
10/23/2024 12:34:16 PM [ERROR]:  Mongo Error
10/23/2024 12:35:01 PM [INFO]:  App started on process id:28472
10/23/2024 12:35:01 PM [INFO]:  Server is listening on port 3000
10/23/2024 12:35:01 PM [INFO]:  Connected to mongoDB database
10/23/2024 12:35:25 PM [INFO]:  SIGINT signal received: closing HTTP server
10/23/2024 12:35:25 PM [INFO]:  Mongoose connection is closed
10/23/2024 12:35:25 PM [WARN]:  HTTP server closed

10/23/2024 12:35:37 PM [INFO]:  App started on process id:2556
10/23/2024 12:35:38 PM [INFO]:  Server is listening on port 3000
10/23/2024 12:35:44 PM [INFO]:  Request from ::1 at GET /api/user/login
10/23/2024 12:35:44 PM [INFO]:  user is in login page
10/23/2024 12:35:49 PM [INFO]:  Request from ::1 at POST /api/user/login
10/23/2024 12:38:48 PM [INFO]:  App started on process id:29760
10/23/2024 12:38:49 PM [INFO]:  Server is listening on port 3000
10/23/2024 12:38:49 PM [INFO]:  Connected to mongoDB database
10/23/2024 12:39:07 PM [INFO]:  SIGINT signal received: closing HTTP server
10/23/2024 12:39:07 PM [INFO]:  Mongoose connection is closed
10/23/2024 12:39:07 PM [WARN]:  HTTP server closed

10/23/2024 12:39:09 PM [INFO]:  App started on process id:28312
10/23/2024 12:39:09 PM [INFO]:  Server is listening on port 3000
10/23/2024 12:39:39 PM [ERROR]:  Mongo Error
10/23/2024 12:40:30 PM [INFO]:  SIGINT signal received: closing HTTP server
10/23/2024 12:40:30 PM [INFO]:  Mongoose connection is closed
10/23/2024 12:40:30 PM [WARN]:  HTTP server closed

